# 旧 WordPress の投稿 ID → 新サイトの URL。http コンテキストで include し、server 内で $legacy_target を使う (nginx-redirects.conf 参照)。
# 2026-10-10 に YAML/Markdown から ID を外す際に 1 回だけ生成したもの。手で保守しない。
map $uri $legacy_target {
    default "";
    /archives/news/424 /news/2013-07-15-424/;
    /archives/news/425 /news/2013-10-10-425/;
    /archives/news/426 /news/2013-10-11-426/;
    /archives/news/428 /news/2013-07-20-428/;
    /archives/news/463 /news/2014-01-12-463/;
    /archives/news/707 /news/2014-09-03-707/;
    /archives/news/982 /news/2015-09-11-982/;
    /archives/news/983 /news/2014-10-20-983/;
    /archives/news/984 /news/2014-11-17-984/;
    /archives/news/985 /news/2015-01-19-985/;
    /archives/news/988 /news/2014-11-10-988/;
    /archives/news/1053 /news/2015-09-17-1053/;
    /archives/news/1054 /news/2015-09-18-1054/;
    /archives/news/1113 /news/2016-05-02-1113/;
    /archives/news/1145 /news/2016-05-06-1145/;
    /archives/news/1316 /news/2016-09-01-1316/;
    /archives/news/1317 /news/2016-10-04-1317/;
    /archives/news/1461 /news/2017-03-02-1461/;
    /archives/news/1661 /news/2017-09-15-1661/;
    /archives/news/1662 /news/2017-07-28-1662/;
    /archives/news/2159 /news/2018-05-15-2159/;
    /archives/news/2160 /news/2018-06-01-2160/;
    /archives/news/2161 /news/2018-08-01-2161/;
    /archives/news/2162 /news/2019-05-14-2162/;
    /archives/news/2164 /news/2019-03-01-2164/;
    /archives/news/2165 /news/2019-08-01-2165/;
    /archives/news/2166 /news/2019-08-02-2166/;
    /archives/news/2167 /news/2019-09-01-2167/;
    /archives/news/2168 /news/2019-09-01-2168/;
    /archives/news/2319 /news/2020-08-01-2319/;
    /archives/news/2382 /news/2021-04-09-2382/;
    /archives/news/2462 /news/2021-12-20-2462/;
    /archives/news/2480 /news/2022-02-17-2480/;
    /archives/news/2781 /news/2024-01-19-2781/;
    /archives/news/2783 /news/2024-01-19-2783/;
    /archives/news/2784 /news/2023-09-04-2784/;
    /archives/news/2785 /news/2023-07-03-2785/;
    /archives/news/2786 /news/2024-03-01-2786/;
    /archives/news/2801 /news/2023-02-01-2801/;
    /archives/news/2802 /news/2022-11-21-2802/;
    /archives/news/2803 /news/2022-11-01-2803/;
    /archives/news/2804 /news/2022-07-22-2804/;
    /archives/news/2806 /news/2020-12-21-2806/;
    /archives/news/2807 /news/2020-11-20-2807/;
    /archives/news/2809 /news/2018-12-03-2809/;
    /archives/news/2812 /news/2022-02-17-2812/;
    /archives/news/2816 /news/2021-08-02-2816/;
    /archives/news/2817 /news/2018-02-19-2817/;
    /archives/news/2819 /news/2023-07-26-2819/;
    /archives/news/2835 /news/2018-07-20-2835/;
    /archives/news/2869 /news/2022-09-01-2869/;
    /archives/news/2870 /news/2021-09-27-2870/;
    /archives/news/2872 /news/2019-10-25-2872/;
    /archives/news/2873 /news/2019-10-01-2873/;
    /archives/news/2874 /news/2021-03-01-2874/;
    /archives/news/2898 /news/2021-06-21-2898/;
    /archives/news/2899 /news/2019-07-01-2899/;
    /archives/news/2900 /news/2019-05-13-2900/;
    /archives/news/2902 /news/2018-06-01-2902/;
    /archives/news/2904 /news/2017-12-25-2904/;
    /archives/publications/172 /publications/year/2012/#p-66a6a602;
    /archives/publications/173 /publications/year/2012/#p-dc1d77bb;
    /archives/publications/201 /publications/year/2003/#p-2410f4aa;
    /archives/publications/203 /publications/year/2005/#p-25a41168;
    /archives/publications/204 /publications/year/2006/#p-b74630bd;
    /archives/publications/205 /publications/year/2006/#p-484383ad;
    /archives/publications/206 /publications/year/2006/#p-b7adf848;
    /archives/publications/207 /publications/year/2007/#p-911bee7c;
    /archives/publications/208 /publications/year/2007/#p-a2ecb5ea;
    /archives/publications/209 /publications/year/2008/#p-40701dcb;
    /archives/publications/210 /publications/year/2008/#p-fa6b0f27;
    /archives/publications/211 /publications/year/2008/#p-fe96e049;
    /archives/publications/212 /publications/year/2008/#p-a5f616bf;
    /archives/publications/213 /publications/year/2009/#p-1bd2b7c5;
    /archives/publications/214 /publications/year/2009/#p-023a83ab;
    /archives/publications/216 /publications/year/2010/#p-1ececf71;
    /archives/publications/217 /publications/year/2011/#p-8a4151d8;
    /archives/publications/218 /publications/year/2011/#p-144c6908;
    /archives/publications/219 /publications/year/2011/#p-5e763395;
    /archives/publications/220 /publications/year/2011/#p-226049ce;
    /archives/publications/221 /publications/year/2012/#p-90d92e19;
    /archives/publications/222 /publications/year/2012/#p-338d9ad5;
    /archives/publications/223 /publications/year/2013/#p-5483d517;
    /archives/publications/224 /publications/year/2013/#p-921de9aa;
    /archives/publications/225 /publications/year/2013/#p-adb60ccd;
    /archives/publications/279 /publications/year/2012/#p-74938f76;
    /archives/publications/280 /publications/year/2011/#p-fe5e98bb;
    /archives/publications/281 /publications/year/2011/#p-7592a24f;
    /archives/publications/282 /publications/year/2010/#p-73d980f0;
    /archives/publications/283 /publications/year/2008/#p-2d916772;
    /archives/publications/284 /publications/year/2007/#p-f5187330;
    /archives/publications/285 /publications/year/2007/#p-d9a9920c;
    /archives/publications/286 /publications/year/2007/#p-5e3cb3ab;
    /archives/publications/287 /publications/year/2006/#p-bac21368;
    /archives/publications/288 /publications/year/2005/#p-0207ee0e;
    /archives/publications/291 /publications/year/2005/#p-45f445b7;
    /archives/publications/292 /publications/year/2006/#p-d6906c16;
    /archives/publications/293 /publications/year/2008/#p-ad1cd86a;
    /archives/publications/294 /publications/year/2008/#p-f8633c97;
    /archives/publications/295 /publications/year/2008/#p-ffe9822d;
    /archives/publications/296 /publications/year/2008/#p-5024acfb;
    /archives/publications/297 /publications/year/2009/#p-3e26d7f9;
    /archives/publications/298 /publications/year/2009/#p-3c8d1a2d;
    /archives/publications/299 /publications/year/2009/#p-f3735125;
    /archives/publications/300 /publications/year/2009/#p-8fcb4a7d;
    /archives/publications/301 /publications/year/2009/#p-453b3f8f;
    /archives/publications/302 /publications/year/2010/#p-4d79965b;
    /archives/publications/303 /publications/year/2011/#p-df56ae92;
    /archives/publications/304 /publications/year/2011/#p-9e30066b;
    /archives/publications/305 /publications/year/2012/#p-870f05fb;
    /archives/publications/356 /publications/year/2013/#p-2145da50;
    /archives/publications/357 /publications/year/2012/#p-8832122f;
    /archives/publications/358 /publications/year/2013/#p-e219cb1a;
    /archives/publications/359 /publications/year/2013/#p-197822f8;
    /archives/publications/360 /publications/year/2013/#p-37a02d56;
    /archives/publications/361 /publications/year/2013/#p-e768359b;
    /archives/publications/362 /publications/year/2013/#p-f5cd0d72;
    /archives/publications/363 /publications/year/2013/#p-74f90863;
    /archives/publications/365 /publications/year/2001/#p-d877658e;
    /archives/publications/366 /publications/year/2002/#p-aceb0400;
    /archives/publications/367 /publications/year/2004/#p-71396f1a;
    /archives/publications/368 /publications/year/2004/#p-a76060fc;
    /archives/publications/369 /publications/year/2005/#p-0935686d;
    /archives/publications/370 /publications/year/2005/#p-76ea5817;
    /archives/publications/371 /publications/year/2005/#p-a140d6c7;
    /archives/publications/372 /publications/year/2005/#p-feab3a52;
    /archives/publications/373 /publications/year/2006/#p-c839db03;
    /archives/publications/374 /publications/year/2007/#p-053bceb9;
    /archives/publications/375 /publications/year/2007/#p-02851c54;
    /archives/publications/376 /publications/year/2007/#p-db2c6739;
    /archives/publications/377 /publications/year/2007/#p-da1a2b8e;
    /archives/publications/378 /publications/year/2008/#p-399504b6;
    /archives/publications/379 /publications/year/2008/#p-6e773eb2;
    /archives/publications/380 /publications/year/2008/#p-60487cd4;
    /archives/publications/381 /publications/year/2008/#p-f8acda77;
    /archives/publications/382 /publications/year/2008/#p-dcd67d17;
    /archives/publications/383 /publications/year/2009/#p-1ad41614;
    /archives/publications/384 /publications/year/2009/#p-1c554139;
    /archives/publications/385 /publications/year/2009/#p-14106c2f;
    /archives/publications/386 /publications/year/2009/#p-c3c116e7;
    /archives/publications/387 /publications/year/2009/#p-2d0f0d35;
    /archives/publications/388 /publications/year/2009/#p-55b44aba;
    /archives/publications/389 /publications/year/2010/#p-7d0a6431;
    /archives/publications/390 /publications/year/2010/#p-f464c73d;
    /archives/publications/391 /publications/year/2010/#p-66501d31;
    /archives/publications/392 /publications/year/2011/#p-7e57c93f;
    /archives/publications/393 /publications/year/2011/#p-f9ac6fa9;
    /archives/publications/394 /publications/year/2011/#p-77ac400d;
    /archives/publications/395 /publications/year/2011/#p-f99cfaba;
    /archives/publications/396 /publications/year/2011/#p-b37046bb;
    /archives/publications/397 /publications/year/2011/#p-20c5402f;
    /archives/publications/398 /publications/year/2012/#p-fbfa733d;
    /archives/publications/399 /publications/year/2013/#p-5e287f14;
    /archives/publications/400 /publications/year/2013/#p-b93cb4d3;
    /archives/publications/401 /publications/year/2002/#p-04dfb3ba;
    /archives/publications/402 /publications/year/2003/#p-067301e6;
    /archives/publications/403 /publications/year/2003/#p-dfb74165;
    /archives/publications/404 /publications/year/2004/#p-10a73916;
    /archives/publications/405 /publications/year/2004/#p-929593ac;
    /archives/publications/406 /publications/year/2004/#p-8b208839;
    /archives/publications/407 /publications/year/2004/#p-b059e6c7;
    /archives/publications/408 /publications/year/2004/#p-2914b2f7;
    /archives/publications/409 /publications/year/2004/#p-be277143;
    /archives/publications/410 /publications/year/2005/#p-126009a3;
    /archives/publications/411 /publications/year/2005/#p-1207e0c6;
    /archives/publications/412 /publications/year/2005/#p-9a924791;
    /archives/publications/413 /publications/year/2006/#p-71b943e0;
    /archives/publications/414 /publications/year/2006/#p-b3f5d618;
    /archives/publications/415 /publications/year/2007/#p-851f8043;
    /archives/publications/416 /publications/year/2007/#p-fce285d0;
    /archives/publications/417 /publications/year/2010/#p-d6bbf9d5;
    /archives/publications/418 /publications/year/2010/#p-f501e02b;
    /archives/publications/419 /publications/year/2011/#p-4cf49c10;
    /archives/publications/420 /publications/year/2011/#p-ff276c1b;
    /archives/publications/421 /publications/year/2011/#p-43ebedf8;
    /archives/publications/422 /publications/year/2012/#p-a60e8b30;
    /archives/publications/423 /publications/year/2012/#p-997b73ef;
    /archives/publications/432 /publications/year/2013/#p-181d81fe;
    /archives/publications/439 /publications/year/2013/#p-2e52c52e;
    /archives/publications/444 /publications/year/2013/#p-91dccbe4;
    /archives/publications/456 /publications/year/2013/#p-1ec43793;
    /archives/publications/494 /publications/year/2014/#p-ee5f0805;
    /archives/publications/495 /publications/year/2014/#p-eadfb978;
    /archives/publications/496 /publications/year/2014/#p-08a7ae61;
    /archives/publications/497 /publications/year/2014/#p-15cc2981;
    /archives/publications/498 /publications/year/2014/#p-042907f6;
    /archives/publications/499 /publications/year/2014/#p-86684b9b;
    /archives/publications/657 /publications/year/2014/#p-532a58f6;
    /archives/publications/691 /publications/year/2014/#p-a2cdd9ba;
    /archives/publications/692 /publications/year/2014/#p-c780a12e;
    /archives/publications/693 /publications/year/2014/#p-e0418a94;
    /archives/publications/694 /publications/year/2014/#p-97657e1e;
    /archives/publications/695 /publications/year/2014/#p-6497cca4;
    /archives/publications/696 /publications/year/2014/#p-d367681d;
    /archives/publications/697 /publications/year/2014/#p-cb3e9cbd;
    /archives/publications/698 /publications/year/2014/#p-12af0891;
    /archives/publications/699 /publications/year/2014/#p-90ef6aed;
    /archives/publications/700 /publications/year/2014/#p-10ad4734;
    /archives/publications/701 /publications/year/2014/#p-a895a4bb;
    /archives/publications/702 /publications/year/2014/#p-0561f76d;
    /archives/publications/703 /publications/year/2014/#p-2f9681d2;
    /archives/publications/721 /publications/year/2014/#p-6a03c9e7;
    /archives/publications/731 /publications/year/2014/#p-9496e63d;
    /archives/publications/748 /publications/year/2014/#p-aee8f72d;
    /archives/publications/879 /publications/year/2015/#p-48eb6ee5;
    /archives/publications/882 /publications/year/2015/#p-15d83c81;
    /archives/publications/883 /publications/year/2015/#p-b43e2eda;
    /archives/publications/1124 /publications/year/2016/#p-6e7e5b10;
    /archives/publications/1125 /publications/year/2016/#p-9774dd14;
    /archives/publications/1126 /publications/year/2015/#p-2409dd12;
    /archives/publications/1127 /publications/year/2015/#p-1ef871a0;
    /archives/publications/1128 /publications/year/2015/#p-cc466e85;
    /archives/publications/1129 /publications/year/2016/#p-20fd0eb3;
    /archives/publications/1130 /publications/year/2015/#p-354cb1b1;
    /archives/publications/1131 /publications/year/2015/#p-0c5938f7;
    /archives/publications/1132 /publications/year/2015/#p-e27914a4;
    /archives/publications/1134 /publications/year/2015/#p-f2a7149e;
    /archives/publications/1135 /publications/year/2015/#p-e7abce71;
    /archives/publications/1136 /publications/year/2015/#p-98470dfd;
    /archives/publications/1137 /publications/year/2014/#p-5268a991;
    /archives/publications/1138 /publications/year/2015/#p-f73ce5e6;
    /archives/publications/1139 /publications/year/2015/#p-fa9cc350;
    /archives/publications/1140 /publications/year/2015/#p-323a9a3b;
    /archives/publications/1141 /publications/year/2015/#p-3cb718bc;
    /archives/publications/1142 /publications/year/2016/#p-c0a917ee;
    /archives/publications/1143 /publications/year/2014/#p-64c93668;
    /archives/publications/1144 /publications/year/2014/#p-6efebbfb;
    /archives/publications/1146 /publications/year/2015/#p-b1a25119;
    /archives/publications/1147 /publications/year/2015/#p-9e9b87e0;
    /archives/publications/1148 /publications/year/2015/#p-7688cd0f;
    /archives/publications/1180 /publications/year/2014/#p-978905db;
    /archives/publications/1245 /publications/year/2016/#p-e529b074;
    /archives/publications/1246 /publications/year/2016/#p-7abc66c7;
    /archives/publications/1247 /publications/year/2016/#p-e3e6e62f;
    /archives/publications/1249 /publications/year/2016/#p-7e296f37;
    /archives/publications/1250 /publications/year/2016/#p-81e02d13;
    /archives/publications/1251 /publications/year/2016/#p-76b7dc67;
    /archives/publications/1252 /publications/year/2016/#p-f4796539;
    /archives/publications/1253 /publications/year/2016/#p-4db70a74;
    /archives/publications/1254 /publications/year/2016/#p-5278b58d;
    /archives/publications/1255 /publications/year/2016/#p-4933ab9b;
    /archives/publications/1257 /publications/year/2016/#p-17c489c1;
    /archives/publications/1258 /publications/year/2016/#p-27f9ad3e;
    /archives/publications/1259 /publications/year/2016/#p-d49db59c;
    /archives/publications/1261 /publications/year/2016/#p-0bc7c53c;
    /archives/publications/1262 /publications/year/2016/#p-4c04938b;
    /archives/publications/1263 /publications/year/2016/#p-fd05c121;
    /archives/publications/1264 /publications/year/2016/#p-205c0b49;
    /archives/publications/1265 /publications/year/2015/#p-93e559cc;
    /archives/publications/1266 /publications/year/2016/#p-ae0c4a20;
    /archives/publications/1270 /publications/year/2016/#p-f6d040c7;
    /archives/publications/1272 /publications/year/2016/#p-dfc44b42;
    /archives/publications/1462 /publications/year/2016/#p-4415879e;
    /archives/publications/1463 /publications/year/2017/#p-ec28608c;
    /archives/publications/1464 /publications/year/2017/#p-1886463a;
    /archives/publications/1465 /publications/year/2017/#p-d9987e50;
    /archives/publications/1466 /publications/year/2016/#p-b840c508;
    /archives/publications/1467 /publications/year/2016/#p-a6ceffd7;
    /archives/publications/1468 /publications/year/2016/#p-f57497c5;
    /archives/publications/1469 /publications/year/2016/#p-084a6851;
    /archives/publications/1470 /publications/year/2017/#p-1837058c;
    /archives/publications/1471 /publications/year/2016/#p-5a5ff9e8;
    /archives/publications/1472 /publications/year/2016/#p-536c1ee2;
    /archives/publications/1475 /publications/year/2017/#p-c6edb880;
    /archives/publications/1476 /publications/year/2017/#p-837bb613;
    /archives/publications/1477 /publications/year/2017/#p-c3996876;
    /archives/publications/1553 /publications/year/2017/#p-001e547a;
    /archives/publications/1554 /publications/year/2017/#p-0f53faa5;
    /archives/publications/1613 /publications/year/2017/#p-c173ccd6;
    /archives/publications/1615 /publications/year/2017/#p-19a34413;
    /archives/publications/1616 /publications/year/2017/#p-d46cd0f7;
    /archives/publications/1617 /publications/year/2017/#p-4c2db8a6;
    /archives/publications/1618 /publications/year/2017/#p-fa38dca1;
    /archives/publications/1619 /publications/year/2017/#p-7ac44dba;
    /archives/publications/1620 /publications/year/2017/#p-02142da8;
    /archives/publications/1621 /publications/year/2017/#p-8443cf28;
    /archives/publications/1622 /publications/year/2017/#p-382dafd6;
    /archives/publications/1623 /publications/year/2017/#p-736e4340;
    /archives/publications/1624 /publications/year/2017/#p-58d9eea5;
    /archives/publications/1625 /publications/year/2017/#p-6aac1472;
    /archives/publications/1626 /publications/year/2017/#p-a225f2b6;
    /archives/publications/1627 /publications/year/2017/#p-1debd52a;
    /archives/publications/1628 /publications/year/2017/#p-cac61509;
    /archives/publications/1629 /publications/year/2017/#p-7d1f8953;
    /archives/publications/1648 /publications/year/2017/#p-a84821d8;
    /archives/publications/1649 /publications/year/2017/#p-eda40425;
    /archives/publications/1650 /publications/year/2017/#p-7f61904e;
    /archives/publications/1651 /publications/year/2017/#p-f88e5000;
    /archives/publications/1652 /publications/year/2017/#p-89847ebd;
    /archives/publications/1655 /publications/year/2017/#p-4edaf3f6;
    /archives/publications/1658 /publications/year/2017/#p-37cb3628;
    /archives/publications/1659 /publications/year/2017/#p-7481e32d;
    /archives/publications/1660 /publications/year/2018/#p-795570d0;
    /archives/publications/1748 /publications/year/2017/#p-e4b30d5a;
    /archives/publications/1750 /publications/year/2017/#p-e988109d;
    /archives/publications/1751 /publications/year/2017/#p-34ab151d;
    /archives/publications/1752 /publications/year/2018/#p-cb19e3bc;
    /archives/publications/1753 /publications/year/2018/#p-84f6c6b5;
    /archives/publications/1754 /publications/year/2017/#p-0f88a6e7;
    /archives/publications/1755 /publications/year/2017/#p-fd052f99;
    /archives/publications/1756 /publications/year/2017/#p-7aeb3807;
    /archives/publications/2050 /publications/year/2018/#p-3d38e310;
    /archives/publications/2051 /publications/year/2018/#p-3394b4f4;
    /archives/publications/2053 /publications/year/2018/#p-4bbb1515;
    /archives/publications/2054 /publications/year/2018/#p-131bc786;
    /archives/publications/2055 /publications/year/2018/#p-4a994260;
    /archives/publications/2056 /publications/year/2018/#p-f470cbc4;
    /archives/publications/2057 /publications/year/2019/#p-31fb2767;
    /archives/publications/2061 /publications/year/2019/#p-d3d9faa8;
    /archives/publications/2062 /publications/year/2018/#p-7c4a3673;
    /archives/publications/2063 /publications/year/2018/#p-07667896;
    /archives/publications/2064 /publications/year/2018/#p-940a70f1;
    /archives/publications/2065 /publications/year/2018/#p-0df297d7;
    /archives/publications/2066 /publications/year/2018/#p-98c6fb28;
    /archives/publications/2067 /publications/year/2018/#p-e0b09c67;
    /archives/publications/2068 /publications/year/2013/#p-a45dc022;
    /archives/publications/2077 /publications/year/2019/#p-df672080;
    /archives/publications/2078 /publications/year/2018/#p-cf8231ba;
    /archives/publications/2079 /publications/year/2018/#p-b302de4e;
    /archives/publications/2080 /publications/year/2018/#p-a30216ee;
    /archives/publications/2081 /publications/year/2018/#p-7541407f;
    /archives/publications/2082 /publications/year/2018/#p-85501787;
    /archives/publications/2083 /publications/year/2018/#p-ef96ef2c;
    /archives/publications/2092 /publications/year/2018/#p-2343d11d;
    /archives/publications/2093 /publications/year/2018/#p-0e6e558b;
    /archives/publications/2094 /publications/year/2018/#p-58458b40;
    /archives/publications/2096 /publications/year/2016/#p-32002f14;
    /archives/publications/2097 /publications/year/2016/#p-cdbf840c;
    /archives/publications/2098 /publications/year/2016/#p-58c516e9;
    /archives/publications/2099 /publications/year/2016/#p-6c5382da;
    /archives/publications/2100 /publications/year/2016/#p-633610fb;
    /archives/publications/2102 /publications/year/2016/#p-02268111;
    /archives/publications/2103 /publications/year/2010/#p-58b23cf8;
    /archives/publications/2118 /publications/year/2019/#p-9473c4a0;
    /archives/publications/2119 /publications/year/2019/#p-9279005b;
    /archives/publications/2120 /publications/year/2019/#p-b15f1d69;
    /archives/publications/2123 /publications/year/2018/#p-4cb56559;
    /archives/publications/2124 /publications/year/2018/#p-94a61644;
    /archives/publications/2125 /publications/year/2019/#p-a6f9c3e8;
    /archives/publications/2126 /publications/year/2019/#p-6a45a8d8;
    /archives/publications/2127 /publications/year/2019/#p-2c0efa47;
    /archives/publications/2128 /publications/year/2018/#p-1eab41eb;
    /archives/publications/2129 /publications/year/2018/#p-b91d072c;
    /archives/publications/2130 /publications/year/2018/#p-c6a77e39;
    /archives/publications/2131 /publications/year/2018/#p-384fc433;
    /archives/publications/2134 /publications/year/2018/#p-4aab6e3e;
    /archives/publications/2135 /publications/year/2018/#p-3ab3227f;
    /archives/publications/2136 /publications/year/2018/#p-5e1198dc;
    /archives/publications/2139 /publications/year/2018/#p-f16d6abc;
    /archives/publications/2140 /publications/year/2019/#p-a7351872;
    /archives/publications/2142 /publications/year/2017/#p-b6bf23e7;
    /archives/publications/2143 /publications/year/2016/#p-7e39eb94;
    /archives/publications/2149 /publications/year/2019/#p-e896e9da;
    /archives/publications/2150 /publications/year/2019/#p-107e61bf;
    /archives/publications/2192 /publications/year/2019/#p-e793e68f;
    /archives/publications/2194 /publications/year/2019/#p-c76791e6;
    /archives/publications/2196 /publications/year/2019/#p-b7bf8ff0;
    /archives/publications/2210 /publications/year/2019/#p-7ca94c31;
    /archives/publications/2212 /publications/year/2019/#p-af49fe8c;
    /archives/publications/2213 /publications/year/2019/#p-5d314621;
    /archives/publications/2214 /publications/year/2019/#p-a41cb40d;
    /archives/publications/2215 /publications/year/2019/#p-6310189f;
    /archives/publications/2216 /publications/year/2019/#p-630bf31a;
    /archives/publications/2217 /publications/year/2020/#p-418a0b61;
    /archives/publications/2218 /publications/year/2020/#p-5bdfd0a2;
    /archives/publications/2219 /publications/year/2020/#p-ea597492;
    /archives/publications/2220 /publications/year/2019/#p-b3aaa0ef;
    /archives/publications/2221 /publications/year/2019/#p-ab2688a5;
    /archives/publications/2222 /publications/year/2019/#p-33e15823;
    /archives/publications/2223 /publications/year/2019/#p-d8e37ba7;
    /archives/publications/2224 /publications/year/2019/#p-678afc67;
    /archives/publications/2225 /publications/year/2019/#p-0cff13b3;
    /archives/publications/2226 /publications/year/2019/#p-a83d7d7b;
    /archives/publications/2227 /publications/year/2019/#p-1e4d03c8;
    /archives/publications/2228 /publications/year/2019/#p-af446cdc;
    /archives/publications/2229 /publications/year/2019/#p-142f5d96;
    /archives/publications/2230 /publications/year/2019/#p-76ceb429;
    /archives/publications/2231 /publications/year/2019/#p-6ee05f7e;
    /archives/publications/2232 /publications/year/2019/#p-7ecfa5f9;
    /archives/publications/2233 /publications/year/2019/#p-dc8b1342;
    /archives/publications/2235 /publications/year/2019/#p-ed01f268;
    /archives/publications/2236 /publications/year/2019/#p-5422edb5;
    /archives/publications/2237 /publications/year/2019/#p-60bbbbf8;
    /archives/publications/2238 /publications/year/2020/#p-c5289978;
    /archives/publications/2241 /publications/year/2019/#p-9786f0ff;
    /archives/publications/2242 /publications/year/2020/#p-c547024d;
    /archives/publications/2244 /publications/year/2020/#p-b52d4e81;
    /archives/publications/2247 /publications/year/2019/#p-61cca54c;
    /archives/publications/2255 /publications/year/2020/#p-58937603;
    /archives/publications/2257 /publications/year/2018/#p-01b4cf94;
    /archives/publications/2261 /publications/year/2020/#p-6e6c581f;
    /archives/publications/2262 /publications/year/2020/#p-a0767129;
    /archives/publications/2264 /publications/year/2020/#p-41f45674;
    /archives/publications/2265 /publications/year/2020/#p-6947f386;
    /archives/publications/2283 /publications/year/2020/#p-9d253a3b;
    /archives/publications/2285 /publications/year/2020/#p-69b7f707;
    /archives/publications/2286 /publications/year/2020/#p-99bb2928;
    /archives/publications/2287 /publications/year/2020/#p-9b89d846;
    /archives/publications/2288 /publications/year/2020/#p-034c82aa;
    /archives/publications/2289 /publications/year/2020/#p-0bb352fa;
    /archives/publications/2297 /publications/year/2020/#p-b2817a89;
    /archives/publications/2300 /publications/year/2020/#p-cf66b418;
    /archives/publications/2306 /publications/year/2020/#p-a193020e;
    /archives/publications/2311 /publications/year/2020/#p-eb76ec71;
    /archives/publications/2313 /publications/year/2021/#p-31d4a8a5;
    /archives/publications/2320 /publications/year/2020/#p-3180499e;
    /archives/publications/2324 /publications/year/2020/#p-8602faab;
    /archives/publications/2326 /publications/year/2021/#p-99d33abc;
    /archives/publications/2327 /publications/year/2021/#p-48d99481;
    /archives/publications/2328 /publications/year/2020/#p-e1b08da2;
    /archives/publications/2329 /publications/year/2020/#p-5819658a;
    /archives/publications/2330 /publications/year/2020/#p-4f9b84ba;
    /archives/publications/2348 /publications/year/2021/#p-1738d873;
    /archives/publications/2349 /publications/year/2021/#p-1a7728fc;
    /archives/publications/2351 /publications/year/2021/#p-dca277eb;
    /archives/publications/2383 /publications/year/2021/#p-5c8d8225;
    /archives/publications/2398 /publications/year/2021/#p-040ca5b1;
    /archives/publications/2404 /publications/year/2021/#p-0b43d374;
    /archives/publications/2409 /publications/year/2021/#p-5a375156;
    /archives/publications/2411 /publications/year/2021/#p-8c7a4729;
    /archives/publications/2423 /publications/year/2021/#p-2a01f9f5;
    /archives/publications/2424 /publications/year/2021/#p-f13d202b;
    /archives/publications/2429 /publications/year/2021/#p-5b5fa14c;
    /archives/publications/2432 /publications/year/2021/#p-45a0d7c3;
    /archives/publications/2437 /publications/year/2021/#p-7bb7ff57;
    /archives/publications/2438 /publications/year/2021/#p-5d0a2a6e;
    /archives/publications/2440 /publications/year/2021/#p-9b3c1e09;
    /archives/publications/2441 /publications/year/2022/#p-f37d4850;
    /archives/publications/2443 /publications/year/2021/#p-66e710fc;
    /archives/publications/2444 /publications/year/2021/#p-de8be4f3;
    /archives/publications/2445 /publications/year/2021/#p-423452d2;
    /archives/publications/2446 /publications/year/2021/#p-f47eb7fe;
    /archives/publications/2447 /publications/year/2021/#p-bc281760;
    /archives/publications/2448 /publications/year/2021/#p-c739612e;
    /archives/publications/2449 /publications/year/2021/#p-e0635a95;
    /archives/publications/2450 /publications/year/2021/#p-b20c1aab;
    /archives/publications/2451 /publications/year/2021/#p-c892e2cf;
    /archives/publications/2452 /publications/year/2021/#p-fc45c46a;
    /archives/publications/2453 /publications/year/2021/#p-43fac4a0;
    /archives/publications/2455 /publications/year/2021/#p-7e890ebb;
    /archives/publications/2456 /publications/year/2021/#p-052faf34;
    /archives/publications/2457 /publications/year/2021/#p-dbbb5376;
    /archives/publications/2458 /publications/year/2021/#p-6acf5080;
    /archives/publications/2465 /publications/year/2021/#p-b6a9751c;
    /archives/publications/2466 /publications/year/2021/#p-8c9fa4d8;
    /archives/publications/2467 /publications/year/2021/#p-6afee107;
    /archives/publications/2472 /publications/year/2022/#p-77cd0f80;
    /archives/publications/2477 /publications/year/2022/#p-c742363b;
    /archives/publications/2482 /publications/year/2022/#p-41e96d7b;
    /archives/publications/2489 /publications/year/2022/#p-67206860;
    /archives/publications/2490 /publications/year/2022/#p-ebbbeae0;
    /archives/publications/2491 /publications/year/2021/#p-83b18b74;
    /archives/publications/2497 /publications/year/2022/#p-82e5fdf7;
    /archives/publications/2515 /publications/year/2022/#p-d10ea13a;
    /archives/publications/2518 /publications/year/2019/#p-335bc6fd;
    /archives/publications/2519 /publications/year/2019/#p-1bf69f48;
    /archives/publications/2520 /publications/year/2018/#p-1d0845b1;
    /archives/publications/2521 /publications/year/2018/#p-d8bca933;
    /archives/publications/2522 /publications/year/2018/#p-9a70d1dc;
    /archives/publications/2523 /publications/year/2022/#p-3f630c4d;
    /archives/publications/2524 /publications/year/2021/#p-d9bdb20c;
    /archives/publications/2527 /publications/year/2017/#p-45b9cd69;
    /archives/publications/2528 /publications/year/2017/#p-514d9315;
    /archives/publications/2529 /publications/year/2017/#p-0d052241;
    /archives/publications/2530 /publications/year/2017/#p-0d6efa0d;
    /archives/publications/2531 /publications/year/2017/#p-02fa7ad5;
    /archives/publications/2532 /publications/year/2017/#p-ba65e6a1;
    /archives/publications/2533 /publications/year/2017/#p-88c36e08;
    /archives/publications/2535 /publications/year/2016/#p-306bb5a7;
    /archives/publications/2536 /publications/year/2016/#p-bf501298;
    /archives/publications/2537 /publications/year/2016/#p-4d7ca704;
    /archives/publications/2538 /publications/year/2016/#p-dc208a16;
    /archives/publications/2539 /publications/year/2016/#p-21e3dfcc;
    /archives/publications/2540 /publications/year/2015/#p-b868f2ec;
    /archives/publications/2541 /publications/year/2015/#p-e84b58a9;
    /archives/publications/2542 /publications/year/2014/#p-01e1ceb3;
    /archives/publications/2543 /publications/year/2014/#p-3aeb20c8;
    /archives/publications/2544 /publications/year/2013/#p-3ebd3695;
    /archives/publications/2545 /publications/year/2012/#p-51da98f4;
    /archives/publications/2548 /publications/year/2022/#p-a5e44246;
    /archives/publications/2550 /publications/year/2022/#p-e5fde922;
    /archives/publications/2551 /publications/year/2021/#p-fa8bc0da;
    /archives/publications/2552 /publications/year/2021/#p-1b2a56d9;
    /archives/publications/2559 /publications/year/2022/#p-6cb0841f;
    /archives/publications/2562 /publications/year/2022/#p-6621f9d8;
    /archives/publications/2578 /publications/year/2022/#p-41fc8240;
    /archives/publications/2588 /publications/year/2022/#p-63a5ccc9;
    /archives/publications/2589 /publications/year/2022/#p-8863fc54;
    /archives/publications/2603 /publications/year/2022/#p-8a33a467;
    /archives/publications/2605 /publications/year/2022/#p-b50ab02f;
    /archives/publications/2614 /publications/year/2022/#p-570d4b71;
    /archives/publications/2615 /publications/year/2022/#p-e3b93d49;
    /archives/publications/2616 /publications/year/2023/#p-14cc01dd;
    /archives/publications/2617 /publications/year/2022/#p-da50afee;
    /archives/publications/2626 /publications/year/2023/#p-c78cd217;
    /archives/publications/2667 /publications/year/2023/#p-a6ae00bc;
    /archives/publications/2668 /publications/year/2023/#p-71fcef79;
    /archives/publications/2669 /publications/year/2023/#p-093e5aa6;
    /archives/publications/2670 /publications/year/2023/#p-32e1b74a;
    /archives/publications/2671 /publications/year/2023/#p-94944358;
    /archives/publications/2673 /publications/year/2022/#p-cf3887bd;
    /archives/publications/2674 /publications/year/2022/#p-1cc29d39;
    /archives/publications/2675 /publications/year/2022/#p-819efd66;
    /archives/publications/2676 /publications/year/2022/#p-cf90e7e1;
    /archives/publications/2677 /publications/year/2022/#p-91342292;
    /archives/publications/2678 /publications/year/2022/#p-cae83f97;
    /archives/publications/2679 /publications/year/2022/#p-6fa8c45e;
    /archives/publications/2680 /publications/year/2022/#p-a6e36796;
    /archives/publications/2681 /publications/year/2022/#p-847ebd21;
    /archives/publications/2682 /publications/year/2022/#p-9816d9ae;
    /archives/publications/2685 /publications/year/2023/#p-b219828e;
    /archives/publications/2686 /publications/year/2023/#p-da72528e;
    /archives/publications/2687 /publications/year/2023/#p-9f73210f;
    /archives/publications/2688 /publications/year/2023/#p-9463afde;
    /archives/publications/2713 /publications/year/2024/#p-a9aa5252;
    /archives/publications/2714 /publications/year/2024/#p-002f47f7;
    /archives/publications/2715 /publications/year/2024/#p-0f88f79b;
    /archives/publications/2728 /publications/year/2024/#p-df5d0915;
    /archives/publications/2729 /publications/year/2024/#p-8020d84f;
    /archives/publications/2739 /publications/year/2024/#p-ff17a32c;
    /archives/publications/2740 /publications/year/2024/#p-222a141e;
    /archives/publications/2741 /publications/year/2023/#p-4e4bc9d9;
    /archives/publications/2742 /publications/year/2024/#p-c27aeb1e;
    /archives/publications/2743 /publications/year/2024/#p-bea1d4ea;
    /archives/publications/2744 /publications/year/2023/#p-1b2a350c;
    /archives/publications/2745 /publications/year/2023/#p-6538668a;
    /archives/publications/2746 /publications/year/2023/#p-b91974df;
    /archives/publications/2747 /publications/year/2023/#p-606e14a8;
    /archives/publications/2748 /publications/year/2023/#p-c25f9944;
    /archives/publications/2749 /publications/year/2023/#p-93de90b3;
    /archives/publications/2750 /publications/year/2023/#p-c7e81acf;
    /archives/publications/2751 /publications/year/2024/#p-dd0aa3e3;
    /archives/publications/2753 /publications/year/2023/#p-9ce4f460;
    /archives/publications/2754 /publications/year/2023/#p-4e3b9cf7;
    /archives/publications/2755 /publications/year/2023/#p-9e7b830a;
    /archives/publications/2757 /publications/year/2023/#p-e89152cc;
    /archives/publications/2758 /publications/year/2023/#p-53dceea2;
    /archives/publications/2759 /publications/year/2023/#p-561ae940;
    /archives/publications/2760 /publications/year/2023/#p-4bd57046;
    /archives/publications/2761 /publications/year/2023/#p-c30b547b;
    /archives/publications/2762 /publications/year/2023/#p-faffd40a;
    /archives/publications/2763 /publications/year/2023/#p-bdc32ae2;
    /archives/publications/2766 /publications/year/2023/#p-c7268838;
    /archives/publications/2767 /publications/year/2023/#p-dfd19d42;
    /archives/publications/2768 /publications/year/2023/#p-e69f0923;
    /archives/publications/2769 /publications/year/2023/#p-ca3a5357;
    /archives/publications/2770 /publications/year/2023/#p-a533b9bc;
    /archives/publications/2771 /publications/year/2024/#p-eb09e150;
    /archives/publications/2775 /publications/year/2023/#p-6d48b270;
    /archives/publications/2776 /publications/year/2024/#p-4147d888;
    /archives/publications/2794 /publications/year/2023/#p-9fc788f9;
    /archives/publications/2795 /publications/year/2022/#p-f9ca7209;
    /archives/publications/2796 /publications/year/2022/#p-11e5b188;
    /archives/publications/2797 /publications/year/2022/#p-8f879b41;
    /archives/publications/2798 /publications/year/2020/#p-867ba196;
    /archives/publications/2799 /publications/year/2021/#p-f2b87431;
    /archives/publications/2811 /publications/year/2022/#p-8795bed5;
    /archives/publications/2824 /publications/year/2023/#p-cd86f80f;
    /archives/publications/2825 /publications/year/2023/#p-317d6c71;
    /archives/publications/2827 /publications/year/2022/#p-3b63b43d;
    /archives/publications/2828 /publications/year/2022/#p-3be2994f;
    /archives/publications/2829 /publications/year/2022/#p-32926ab8;
    /archives/publications/2830 /publications/year/2022/#p-81bc2d8c;
    /archives/publications/2831 /publications/year/2022/#p-1d89c136;
    /archives/publications/2833 /publications/year/2018/#p-98c5811a;
    /archives/publications/2837 /publications/year/2018/#p-ec3dd23e;
    /archives/publications/2840 /publications/year/2022/#p-d725b239;
    /archives/publications/2841 /publications/year/2022/#p-0ca97353;
    /archives/publications/2843 /publications/year/2021/#p-4af58e60;
    /archives/publications/2844 /publications/year/2021/#p-b4e230f1;
    /archives/publications/2845 /publications/year/2021/#p-6899f381;
    /archives/publications/2846 /publications/year/2017/#p-e670b01b;
    /archives/publications/2848 /publications/year/2014/#p-25cbc201;
    /archives/publications/2850 /publications/year/2022/#p-9365ed50;
    /archives/publications/2852 /publications/year/2022/#p-df5c0856;
    /archives/publications/2853 /publications/year/2022/#p-6beb6183;
    /archives/publications/2855 /publications/year/2022/#p-8f6d63cc;
    /archives/publications/2857 /publications/year/2022/#p-ac45d435;
    /archives/publications/2875 /publications/year/2018/#p-96b7ad46;
    /archives/publications/2876 /publications/year/2017/#p-14df6458;
    /archives/publications/2877 /publications/year/2016/#p-d88fe87c;
    /archives/publications/2879 /publications/year/2018/#p-a3e944b1;
    /archives/publications/2881 /publications/year/2016/#p-f238d6be;
    /archives/publications/2883 /publications/year/2016/#p-85762bb6;
    /archives/publications/2885 /publications/year/2014/#p-e3cfeaba;
    /archives/publications/2886 /publications/year/2016/#p-0196512f;
    /archives/publications/2887 /publications/year/2014/#p-e11cbf1e;
    /archives/publications/2888 /publications/year/2007/#p-1ef75ff8;
    /archives/publications/2889 /publications/year/2015/#p-4137619e;
    /archives/publications/2890 /publications/year/2021/#p-afef74a9;
    /archives/publications/2891 /publications/year/2022/#p-471f91e2;
    /archives/publications/2894 /publications/year/2024/#p-f5c2e042;
    /archives/publications/2895 /publications/year/2024/#p-ddcdf55b;
    /archives/publications/2896 /publications/year/2024/#p-c91b5711;
    /archives/publications/2906 /publications/year/2023/#p-2955c34e;
    /archives/publications/2911 /publications/year/2024/#p-321f9603;
    /archives/publications/2912 /publications/year/2024/#p-59278edd;
    /archives/publications/2919 /publications/year/2024/#p-7593f747;
    /archives/publications/2920 /publications/year/2024/#p-9119e3a4;
    /archives/publications/2921 /publications/year/2024/#p-dcc7e0a4;
}
